
> continental-luxe-marketing@0.1.0 build
> next build

   ▲ Next.js 15.5.22

   Creating an optimized production build ...
 ✓ Compiled successfully in 7.4s
   Linting and checking validity of types ...
Failed to compile.

./app/page.tsx:17:3
Type error: Module '"lucide-react"' has no exported member 'TrendUp'.

[0m [90m 15 |[39m   [33mSparkles[39m[33m,[39m
 [90m 16 |[39m   [33mTarget[39m[33m,[39m
[31m[1m>[22m[39m[90m 17 |[39m   [33mTrendUp[39m[33m,[39m
 [90m    |[39m   [31m[1m^[22m[39m
 [90m 18 |[39m   [33mZap[39m[33m,[39m
 [90m 19 |[39m } [36mfrom[39m [32m'lucide-react'[39m[33m;[39m
 [90m 20 |[39m[0m
Next.js build worker exited with code: 1 and signal: null
